../App/Test/Unity/unity.c:91:13:UnityPrintChar	24	static
../App/Test/Unity/unity.c:147:6:UnityPrint	24	static
../App/Test/Unity/unity.c:169:6:UnityPrintLen	24	static
../App/Test/Unity/unity.c:207:6:UnityPrintIntNumberByStyle	16	static
../App/Test/Unity/unity.c:254:6:UnityPrintUintNumberByStyle	16	static
../App/Test/Unity/unity.c:269:6:UnityPrintNumber	24	static
../App/Test/Unity/unity.c:284:6:UnityPrintNumberUnsigned	24	static
../App/Test/Unity/unity.c:303:6:UnityPrintNumberHex	24	static
../App/Test/Unity/unity.c:329:6:UnityPrintMask	24	static
../App/Test/Unity/unity.c:364:6:UnityPrintFloat	80	static
../App/Test/Unity/unity.c:536:13:UnityTestResultsBegin	16	static
../App/Test/Unity/unity.c:579:13:UnityTestResultsFailBegin	16	static
../App/Test/Unity/unity.c:587:6:UnityConcludeTest	8	static
../App/Test/Unity/unity.c:611:13:UnityAddMsgIfSpecified	16	static
../App/Test/Unity/unity.c:665:13:UnityPrintFirstStringDifference	24	static
../App/Test/Unity/unity.c:679:13:UnityPrintExpectedAndActualStrings	24	static
../App/Test/Unity/unity.c:707:13:UnityPrintExpectedAndActualStringsLen	24	static
../App/Test/Unity/unity.c:742:12:UnityIsOneArrayNull	24	static
../App/Test/Unity/unity.c:776:6:UnityAssertBits	24	static
../App/Test/Unity/unity.c:797:6:UnityAssertEqualIntNumber	24	static
../App/Test/Unity/unity.c:817:6:UnityAssertEqualUintNumber	24	static
../App/Test/Unity/unity.c:837:6:UnityAssertIntGreaterOrLessOrEqualNumber	32	static
../App/Test/Unity/unity.c:867:6:UnityAssertUintGreaterOrLessOrEqualNumber	32	static
../App/Test/Unity/unity.c:907:6:UnityAssertEqualIntArray	48	static
../App/Test/Unity/unity.c:1051:12:UnityFloatsWithin	32	static
../App/Test/Unity/unity.c:1058:6:UnityAssertWithinFloatArray	56	static
../App/Test/Unity/unity.c:1138:6:UnityAssertFloatsWithin	32	static
../App/Test/Unity/unity.c:1158:6:UnityAssertFloatsNotWithin	32	static
../App/Test/Unity/unity.c:1179:6:UnityAssertGreaterOrLessFloat	40	static
../App/Test/Unity/unity.c:1213:6:UnityAssertFloatSpecial	64	static
../App/Test/Unity/unity.c:1509:6:UnityAssertIntNumbersWithin	24	static
../App/Test/Unity/unity.c:1541:6:UnityAssertUintNumbersWithin	24	static
../App/Test/Unity/unity.c:1574:6:UnityAssertNumbersArrayWithin	48	static
../App/Test/Unity/unity.c:1738:6:UnityAssertEqualString	32	static
../App/Test/Unity/unity.c:1779:6:UnityAssertEqualStringLen	32	static
../App/Test/Unity/unity.c:1821:6:UnityAssertEqualStringArray	48	static
../App/Test/Unity/unity.c:1906:6:UnityAssertNotEqualString	32	static
../App/Test/Unity/unity.c:1958:6:UnityAssertNotEqualStringLen	32	static
../App/Test/Unity/unity.c:2016:6:UnityAssertNotEqualMemory	40	static
../App/Test/Unity/unity.c:2079:6:UnityAssertEqualMemory	40	static
../App/Test/Unity/unity.c:2168:20:UnityNumToPtr	16	static
../App/Test/Unity/unity.c:2194:20:UnityFloatToPtr	16	static
../App/Test/Unity/unity.c:2450:6:UnityFail	16	static
../App/Test/Unity/unity.c:2462:6:UnityIgnore	16	static
../App/Test/Unity/unity.c:2478:6:UnityMessage	16	static
../App/Test/Unity/unity.c:2494:6:UnityDefaultTestRun	24	static
../App/Test/Unity/unity.c:2522:6:UnitySetTestFile	16	static
../App/Test/Unity/unity.c:2528:6:UnityBegin	16	static
../App/Test/Unity/unity.c:2544:5:UnityEnd	8	static
